# рџ–ҐпёЏ How to Remove Disk Partitions (`/dev/sda`, `sdb`, `sdc`, `sdd`) on RHEL 9.7
---
## рџ§° Prerequisites & Environment

| Item               | Detail                                         |
| ------------------ | ---------------------------------------------- |
| **OS**             | RHEL 9.7 (Red Hat Enterprise Linux)            |
| **Platform**       | VMware Workstation                             |
| **User**           | `root` (must be root to modify partitions)     |
| **Disks targeted** | `/dev/sda`, `/dev/sdb`, `/dev/sdc`, `/dev/sdd` |
| **Tools used**     | `lsblk`, `umount`, `mount`, `wipefs`, `sfdisk` |

> вљ пёЏ **WARNING:** All steps below **permanently destroy** partition data. Only do this on disks you are sure you want to wipe completely.

---

## рџ”Ќ Step 1 вЂ” Check Current Disk Layout with `lsblk`

The instructor first tries `lsbl` (typo), which fails, then correctly runs `lsblk`:

```bash
[root@server1 admin]# lsblk
```

### рџ“„ Example Output:

```
NAME        MAJ:MIN RM    SIZE RO TYPE MOUNTPOINTS
sda           8:0    0     10G  0 disk
в”њв”Ђsda1        8:1    0      2G  0 part /xfs
в”њв”Ђsda2        8:2    0      2G  0 part
в”њв”Ђsda3        8:3    0      2G  0 part
в”њв”Ђsda4        8:4    0      1K  0 part
в”њв”Ђsda5        8:5    0      1G  0 part
в”њв”Ђsda6        8:6    0      1G  0 part
в”њв”Ђsda7        8:7    0      1G  0 part
в””в”Ђsda8        8:8    0   1019M  0 part
sdb           8:16   0     10G  0 disk
в”њв”Ђsdb1        8:17   0      2G  0 part
в”њв”Ђsdb2        8:18   0      2G  0 part
в”њв”Ђsdb3        8:19   0      2G  0 part
в”њв”Ђsdb4        8:20   0      1K  0 part
в”њв”Ђsdb5        8:21   0      1G  0 part
в”њв”Ђsdb6        8:22   0      1G  0 part
в”њв”Ђsdb7        8:23   0      1G  0 part
в””в”Ђsdb8        8:24   0   1019M  0 part
sdc           8:32   0     10G  0 disk
в”њв”Ђsdc1        8:33   0      2G  0 part
в”њв”Ђsdc2        8:34   0      2G  0 part
в”њв”Ђsdc3        8:35   0      2G  0 part
в”њв”Ђsdc4        8:36   0      1K  0 part
в”њв”Ђsdc5        8:37   0      1G  0 part
в”њв”Ђsdc6        8:38   0      1G  0 part
в”њв”Ђsdc7        8:39   0      1G  0 part
в””в”Ђsdc8        8:40   0   1019M  0 part
sdd           8:48   0     10G  0 disk
sr0          11:0    1   1024M  0 rom
nvme0n1     259:0    0     70G  0 disk
в”њв”Ђnvme0n1p1 259:1    0      1G  0 part /boot/efi
в”њв”Ђnvme0n1p2 259:2    0      1G  0 part /boot
в””в”Ђnvme0n1p3 259:3    0     54G  0 part
  в”њв”Ђrhel-root 253:0  0     50G  0 lvm  /
  в””в”Ђrhel-swap 253:1  0      4G  0 lvm  [SWAP]
```

---

## рџ”“ Step 2 вЂ” Unmount Any Mounted Partition

The instructor sees that `/dev/sda1` is mounted at `/xfs`. Before wiping, it must be unmounted:

```bash
[root@server1 admin]# umount /xfs
```

> вњ… No output = success. The `/xfs` mount point is now released.

---

## вњ… Step 3 вЂ” Verify All Mounts Are Released

Run `mount -a` to re-read `/etc/fstab` and check nothing errors out:

```bash
[root@server1 admin]# mount -a
[root@server1 admin]#
```

> рџ’Ў A clean prompt (no errors) means all mounts are fine.

---

## рџ§№ Step 4 вЂ” Wipe the Disk Signature on `/dev/sda`

Use `wipefs -a` to wipe the filesystem/partition signatures from the **whole disk** device:

```bash
[root@server1 admin]# wipefs -a /dev/sda
```

### рџ“„ Example Output:

```
/dev/sda: 2 bytes were erased at offset 0x000001fe (dos): 55 aa
/dev/sda: calling ioctl to re-read partition table: Success
```

> рџ’Ў **Explanation:**
> 
> - `55 aa` is the **DOS MBR signature** (the "magic bytes" at the end of the Master Boot Record)
> - `wipefs` zeroed those 2 bytes, making the disk appear as having no partition table
> - The kernel is told to re-read the partition table via `ioctl` вЂ” this succeeds immediately!

---

## рџ”Ќ Step 6 вЂ” Verify sda Partition Is Now Gone with `lsblk`

```bash
[root@server1 admin]# lsblk
```

### рџ“„ Example Output (sda is now clean!):

```
NAME        MAJ:MIN RM    SIZE RO TYPE MOUNTPOINTS
sda           8:0    0     10G  0 disk           в†ђ вњ… No more sda1вЂ“sda8!
sdb           8:16   0     10G  0 disk
в”њв”Ђsdb1        8:17   0      2G  0 part
...
sdc           8:32   0     10G  0 disk
в”њв”Ђsdc1        8:33   0      2G  0 part
...
sdd           8:48   0     10G  0 disk
```

> рџЋ‰ `sda` is now a clean, empty disk with no partitions!

---
## рџ”§ Step 7 вЂ” Use `sfdisk` to Wipe Partition Table on `/dev/sda`

Even after `wipefs`, the instructor uses `sfdisk` with the pipe trick to confirm/enforce the wipe. The command reads the (now-empty) partition layout from `sdd` (which is already empty) and writes it to `sda`:

```bash
[root@server1 admin]# sfdisk -d /dev/sdd | sfdisk /dev/sda
```

### рџ“„ Example Output:

```
sfdisk: /dev/sdd: does not contain a recognized partition table
Checking that no-one is using this disk right now ... OK

Disk /dev/sda: 10 GiB, 10737418240 bytes, 20971520 sectors
Disk model: VMware Virtual S
Units: sectors of 1 * 512 = 512 bytes
Sector size (logical/physical): 512 bytes / 512 bytes
I/O size (minimum/optimal): 512 bytes / 512 bytes

>>> Done.

New situation:
[root@server1 admin]# lsblk
```

> рџ’Ў **How this works:**
> 
> - `sfdisk -d /dev/sdd` **dumps** the partition table of `sdd` (which is empty вЂ” no recognized table)
> - `|` (pipe) sends that empty output to `sfdisk /dev/sda`
> - `sfdisk /dev/sda` **writes** that empty table to `sda`
> - Result: `sda` now has an empty (or no) partition table вЂ” fully clean!

---

## рџ”§ Step 8 вЂ” Verify sda Is Clean, Then Wipe `/dev/sdb`

After verifying `sda` is clean with `lsblk`, the instructor moves to `sdb`. First wipe its signature:

```bash
[root@server1 admin]# wipefs -a /dev/sdb
```

### рџ“„ Example Output (from frame showing sdb's existing partitions via sfdisk):

```
Old situation:

Device     Boot    Start      End  Sectors  Size Id Type
/dev/sdb1           2048  4196351  4194304    2G 83 Linux
/dev/sdb2        4196352  8390655  4194304    2G 82 Linux swap / Solaris
/dev/sdb3        8390656 12584959  4194304    2G 83 Linux
/dev/sdb4       12584960 20971519  8386560    4G  5 Extended
/dev/sdb5       12587008 14684159  2097152    1G 83 Linux
/dev/sdb6       14686208 16783359  2097152    1G 83 Linux
/dev/sdb7       16785408 18882559  2097152    1G 83 Linux
/dev/sdb8       18884608 20971519  2086912 1019M 83 Linux

>>> Done.

New situation:
Disklabel type: dos
Disk identifier: 0x49383b8a

Device     Boot    Start      End  Sectors  Size Id Type
/dev/sdb1           2048  4196351  4194304    2G 83 Linux
/dev/sdb2        4196352  8390655  4194304    2G 82 Linux swap / Solaris
/dev/sdb3        8390656 12584959  4194304    2G 83 Linux
/dev/sdb4       12584960 20971519  8386560    4G  5 Extended
/dev/sdb5       12587008 14684159  2097152    1G 83 Linux
/dev/sdb6       14686208 16783359  2097152    1G 83 Linux
/dev/sdb7       16785408 18882559  2097152    1G 83 Linux
/dev/sdb8       18884608 20971519  2086912 1019M 83 Linux

The partition table has been altered.
Calling ioctl() to re-read partition table.
Syncing disks.
```

---

## рџ”§ Step 9 вЂ” Pipe sfdisk Output: Remove Partitions from `/dev/sdb` and Clone Empty Table to `/dev/sdb`

After `wipefs` on `sdb`, run `lsblk` to confirm sdb is clean, then apply the `sfdisk` pipe trick for `sdb`:

```bash
[root@server1 admin]# lsblk
```

Result shows `sdb` now has no partitions. Then:

```bash
[root@server1 admin]# wipefs -a /dev/sdc
```

### рџ“„ Example Output:

```
/dev/sdc: 2 bytes were erased at offset 0x000001fe (dos): 55 aa
/dev/sdc: calling ioctl to re-read partition table: Success
```

---

## рџ”§ Step 10 вЂ” Wipe `/dev/sdc` Using the Same Pipe Method

```bash
[root@server1 admin]# sfdisk -d /dev/sdd | sfdisk /dev/sdb
```

### рџ“„ Example Output:

```
sfdisk: /dev/sdd: does not contain a recognized partition table
Checking that no-one is using this disk right now ... OK

Disk /dev/sdb: 10 GiB, 10737418240 bytes, 20971520 sectors
Disk model: VMware Virtual S
Units: sectors of 1 * 512 = 512 bytes
Sector size (logical/physical): 512 bytes / 512 bytes
I/O size (minimum/optimal): 512 bytes / 512 bytes

>>> Done.

New situation:
```

Then:

```bash
[root@server1 admin]# sfdisk -d /dev/sdd | sfdisk /dev/sdc
```

### рџ“„ Example Output:

```
sfdisk: /dev/sdd: does not contain a recognized partition table
Checking that no-one is using this disk right now ... OK

Disk /dev/sdc: 10 GiB, 10737418240 bytes, 20971520 sectors
Disk model: VMware Virtual S
Units: sectors of 1 * 512 = 512 bytes
Sector size (logical/physical): 512 bytes / 512 bytes
I/O size (minimum/optimal): 512 bytes / 512 bytes

>>> Done.

New situation:
```

---

## вњ… Step 11 вЂ” Final `lsblk` Verification вЂ” All Disks Are Clean

```bash
[root@server1 admin]# lsblk
```

### рџ“„ Final Output вЂ” All partitions removed! рџЋ‰

```
NAME        MAJ:MIN RM    SIZE RO TYPE MOUNTPOINTS
sda           8:0    0     10G  0 disk    в†ђ вњ… Clean!
sdb           8:16   0     10G  0 disk    в†ђ вњ… Clean!
sdc           8:32   0     10G  0 disk    в†ђ вњ… Clean!
sdd           8:48   0     10G  0 disk    в†ђ вњ… Already was clean
sr0          11:0    1   1024M  0 rom
nvme0n1     259:0    0     70G  0 disk
в”њв”Ђnvme0n1p1 259:1    0      1G  0 part /boot/efi
в”њв”Ђnvme0n1p2 259:2    0      1G  0 part /boot
в””в”Ђnvme0n1p3 259:3    0     54G  0 part
  в”њв”Ђrhel-root 253:0  0     50G  0 lvm  /
  в””в”Ђrhel-swap 253:1  0      4G  0 lvm  [SWAP]
```

> рџЋ‰ **All four disks (`sda`, `sdb`, `sdc`, `sdd`) now show as clean disks with zero partitions!**  
> The OS disk `nvme0n1` is untouched and still running normally.

---

## рџ“ќ Summary of All Commands Used

Here is the **exact sequence** from the video, in order:

```bash
# 1. Check disk layout
lsblk

# 2. Unmount the mounted sda1 partition
umount /xfs

# 3. Re-read fstab to verify clean state
mount -a

# 4. Wipe filesystem signature from sda (whole disk)
wipefs -a /dev/sda

# 5. Try individual partition wipe (will error вЂ” already gone)
wipefs -a /dev/sda1    # Expected: error, no such file
wipefs -a /dev/sda2    # Expected: error, no such file

# 6. Verify sda is clean
lsblk

# 7. Use sfdisk pipe to force empty partition table on sda
sfdisk -d /dev/sdd | sfdisk /dev/sda

# 8. Wipe sdb signature
wipefs -a /dev/sdb

# 9. Verify sdb via lsblk and apply sfdisk pipe
lsblk
sfdisk -d /dev/sdd | sfdisk /dev/sdb

# 10. Wipe sdc signature
wipefs -a /dev/sdc

# 11. Apply sfdisk pipe to sdc
sfdisk -d /dev/sdd | sfdisk /dev/sdc

# 12. Final verification
lsblk
```

---

## вќ— Common Errors & What They Mean

|Error Message|Meaning|Action|
|---|---|---|
|`bash: lsbl: command not found`|Typo вЂ” missing `k`|Type `lsblk`|
|`wipefs: error: /dev/sda1: probing initialization failed: No such file or directory`|вњ… Partition already gone (wipefs on the parent disk already removed it)|No action needed вЂ” this is success!|
|`sfdisk: /dev/sdd: does not contain a recognized partition table`|вњ… Source disk (`sdd`) is already empty, which is what we want|This is expected and correct|
|`umount: /xfs: target is busy`|Something is still using the mount|Run `fuser -km /xfs` then retry umount|

---

## рџ§  Key Concepts Explained

### What is `lsblk`?

Lists all **block devices** (disks and partitions) in a tree format. Shows name, size, type (`disk` or `part`), and mount points.

### What is `wipefs -a`?

Wipes the **magic bytes** (filesystem or partition table signatures) from a device. The `-a` flag removes **all** signatures found. After this, the disk looks "empty" to the OS and partition tools.

### What is `sfdisk -d /dev/X | sfdisk /dev/Y`?

- `sfdisk -d /dev/X` вЂ” **dumps** the partition table of disk X as text
- `|` вЂ” pipes that text as input to the next command
- `sfdisk /dev/Y` вЂ” **writes** that partition table to disk Y
- When X (`sdd`) has no partition table, writing its "empty" table to Y (`sda`, `sdb`, `sdc`) effectively clears Y's partition table too

### What is `umount`?

**Unmounts** a filesystem, detaching it from the directory tree. You **must** unmount before wiping a partition that is currently in use.

### What is `mount -a`?

Mounts all filesystems listed in `/etc/fstab` (that are not already mounted). Used here to verify no errors after unmounting `/xfs`.

### DOS MBR Signature (`55 aa`)

The bytes at offset `0x1FE` in a disk's MBR (Master Boot Record). If these 2 bytes are `55 AA`, the disk is recognized as having a DOS partition table. `wipefs` zeroes them to erase that recognition.

---
